["ip --json addr show dev eth0", "ip --json route show default dev eth0", "ip link add br0 type bridge", "ip link set dev br0 up address 00:de:ad:be:ef:00", "ip tuntap add mode tap tap0", "ip link set dev tap0 master br0 up", "ip tuntap add mode tap tap1", "ip link set dev tap1 master br0 up", "ip tuntap add mode tap tap2", "ip link set dev tap2 master br0 up", "ip tuntap add mode tap tap3", "ip link set dev tap3 master br0 up", "ip addr del dev eth0 10.44.45.2/24", "ip link set dev eth0 master br0", "ip addr replace dev br0 10.44.45.2/24", "ip route add default dev br0 via 10.44.45.1 metric 666", "ip route del default dev eth0 via 10.44.45.1 metric 666"]
